#
# There is insufficient memory for the Java Runtime Environment to continue.
# Native memory allocation (malloc) failed to allocate 125680 bytes. Error detail: Chunk::new
# Possible reasons:
#   The system is out of physical RAM or swap space
#   This process is running with CompressedOops enabled, and the Java Heap may be blocking the growth of the native heap
# Possible solutions:
#   Reduce memory load on the system
#   Increase physical memory or swap space
#   Check if swap backing store is full
#   Decrease Java heap size (-Xmx/-Xms)
#   Decrease number of Java threads
#   Decrease Java thread stack sizes (-Xss)
#   Set larger code cache with -XX:ReservedCodeCacheSize=
#   JVM is running with Unscaled Compressed Oops mode in which the Java heap is
#     placed in the first 4GB address space. The Java Heap base address is the
#     maximum limit for the native heap growth. Please use -XX:HeapBaseMinAddress
#     to set the Java Heap base and to place the Java Heap above 4GB virtual address.
# This output file may be truncated or incomplete.
#
#  Out of Memory Error (arena.cpp:168), pid=12836, tid=6008
#
# JRE version: OpenJDK Runtime Environment Temurin-21.0.12.1+1 (21.0.12.1+1) (build 21.0.12.1+1-LTS)
# Java VM: OpenJDK 64-Bit Server VM Temurin-21.0.12.1+1 (21.0.12.1+1-LTS, mixed mode, sharing, tiered, compressed oops, compressed class ptrs, parallel gc, windows-amd64)
# No core dump will be written. Minidumps are not enabled by default on client versions of Windows
#

---------------  S U M M A R Y ------------

Command Line: --add-modules=ALL-SYSTEM --add-opens=java.base/java.util=ALL-UNNAMED --add-opens=java.base/java.lang=ALL-UNNAMED --add-opens=java.base/sun.nio.fs=ALL-UNNAMED -Declipse.application=org.eclipse.jdt.ls.core.id1 -Dosgi.bundles.defaultStartLevel=4 -Declipse.product=org.eclipse.jdt.ls.core.product -Djava.import.generatesMetadataFilesAtProjectRoot=false -Dm2e.project.cache.size=50 -DDetectVMInstallationsJob.disabled=true -Dfile.encoding=utf8 -XX:+UseParallelGC -XX:GCTimeRatio=4 -XX:AdaptiveSizePolicyWeight=90 -Dsun.zip.disableMemoryMapping=true -Xmx2G -Xms100m -Xlog:disable -javaagent:c:\Users\acer\.antigravity-ide\extensions\redhat.java-1.56.0-win32-x64\lombok\lombok-1.18.39-4050.jar c:\Users\acer\.antigravity-ide\extensions\redhat.java-1.56.0-win32-x64\server\plugins\org.eclipse.equinox.launcher_1.8.0.v20260804-1928.jar -configuration c:\Users\acer\AppData\Roaming\Antigravity IDE\User\globalStorage\redhat.java\1.56.0\config_ss_win -data c:\Users\acer\AppData\Roaming\Antigravity IDE\User\workspaceStorage\9a94d851dcf510029cb370ddb099ae8b\redhat.java\ss_ws --pipe=\\.\pipe\lsp-4195d5ea811dfce7f94aaac980465310-sock

Host: 13th Gen Intel(R) Core(TM) i5-13420H, 12 cores, 15G,  Windows 11 , 64 bit Build 26100 (10.0.26100.8328)
Time: Fri Sep  4 16:06:19 2026 India Standard Time elapsed time: 11.837601 seconds (0d 0h 0m 11s)

---------------  T H R E A D  ---------------

Current thread (0x0000014c5232dfd0):  JavaThread "C2 CompilerThread0" daemon [_thread_in_native, id=6008, stack(0x0000004225900000,0x0000004225a00000) (1024K)]


Current CompileTask:
C2:11837 5085       4       org.eclipse.osgi.internal.loader.BundleLoader::searchHooks (192 bytes)

Stack: [0x0000004225900000,0x0000004225a00000]
Native frames: (J=compiled Java code, j=interpreted, Vv=VM code, C=native code)
V  [jvm.dll+0x6d83e9]
V  [jvm.dll+0x8b5736]
V  [jvm.dll+0x8b7cee]
V  [jvm.dll+0x8b83d3]
V  [jvm.dll+0x284596]
V  [jvm.dll+0xc685d]
V  [jvm.dll+0xc6da1]
V  [jvm.dll+0x3bf18b]
V  [jvm.dll+0x1e3b4e]
V  [jvm.dll+0x24c853]
V  [jvm.dll+0x24bce0]
V  [jvm.dll+0x1cb4ae]
V  [jvm.dll+0x25baad]
V  [jvm.dll+0x25a03a]
V  [jvm.dll+0x3f8aae]
V  [jvm.dll+0x8600cd]
V  [jvm.dll+0x6d6c1d]
C  [ucrtbase.dll+0x37b0]
C  [KERNEL32.DLL+0x2e957]
C  [ntdll.dll+0x427c]


---------------  P R O C E S S  ---------------

Threads class SMR info:
_java_thread_list=0x0000014c7089bec0, length=37, elements={
0x0000014c5227e5b0, 0x0000014c52324390, 0x0000014c5222c840, 0x0000014c52324fa0,
0x0000014c52325a00, 0x0000014c523287d0, 0x0000014c5232d240, 0x0000014c5232dfd0,
0x0000014c69fd4c90, 0x0000014c6a1bdae0, 0x0000014c6a2b7480, 0x0000014c6f6c2570,
0x0000014c6f67ffb0, 0x0000014c6f680620, 0x0000014c6f3b7250, 0x0000014c6fa24180,
0x0000014c6fafb320, 0x0000014c6fafea60, 0x0000014c6fd81930, 0x0000014c6fd812a0,
0x0000014c6fd80580, 0x0000014c6fd80c10, 0x0000014c6fd086f0, 0x0000014c6fd0a7c0,
0x0000014c6fd0ae50, 0x0000014c6fd0b4e0, 0x0000014c6fd08d80, 0x0000014c6fd09aa0,
0x0000014c6fd08060, 0x0000014c6fd0bb70, 0x0000014c6fd0a130, 0x0000014c6fd0c200,
0x0000014c6fd0c890, 0x0000014c6fd09410, 0x0000014c6fd0e960, 0x0000014c6fd0cf20,
0x0000014c6fd0d5b0
}

Java Threads: ( => current thread )
  0x0000014c5227e5b0 JavaThread "main"                              [_thread_blocked, id=24396, stack(0x0000004224f00000,0x0000004225000000) (1024K)]
  0x0000014c52324390 JavaThread "Reference Handler"          daemon [_thread_blocked, id=25764, stack(0x0000004225300000,0x0000004225400000) (1024K)]
  0x0000014c5222c840 JavaThread "Finalizer"                  daemon [_thread_blocked, id=7196, stack(0x0000004225400000,0x0000004225500000) (1024K)]
  0x0000014c52324fa0 JavaThread "Signal Dispatcher"          daemon [_thread_blocked, id=22384, stack(0x0000004225500000,0x0000004225600000) (1024K)]
  0x0000014c52325a00 JavaThread "Attach Listener"            daemon [_thread_blocked, id=27120, stack(0x0000004225600000,0x0000004225700000) (1024K)]
  0x0000014c523287d0 JavaThread "Service Thread"             daemon [_thread_blocked, id=27096, stack(0x0000004225700000,0x0000004225800000) (1024K)]
  0x0000014c5232d240 JavaThread "Monitor Deflation Thread"   daemon [_thread_blocked, id=27168, stack(0x0000004225800000,0x0000004225900000) (1024K)]
=>0x0000014c5232dfd0 JavaThread "C2 CompilerThread0"         daemon [_thread_in_native, id=6008, stack(0x0000004225900000,0x0000004225a00000) (1024K)]
  0x0000014c69fd4c90 JavaThread "C1 CompilerThread0"         daemon [_thread_blocked, id=26304, stack(0x0000004225a00000,0x0000004225b00000) (1024K)]
  0x0000014c6a1bdae0 JavaThread "Common-Cleaner"             daemon [_thread_blocked, id=16608, stack(0x0000004225b00000,0x0000004225c00000) (1024K)]
  0x0000014c6a2b7480 JavaThread "Notification Thread"        daemon [_thread_blocked, id=27028, stack(0x0000004225c00000,0x0000004225d00000) (1024K)]
  0x0000014c6f6c2570 JavaThread "Active Thread: Equinox Container: 1722b672-8e05-4d0e-92aa-2e373a5a29be"        [_thread_blocked, id=18984, stack(0x0000004226300000,0x0000004226400000) (1024K)]
  0x0000014c6f67ffb0 JavaThread "Framework Event Dispatcher: Equinox Container: 1722b672-8e05-4d0e-92aa-2e373a5a29be" daemon [_thread_blocked, id=12336, stack(0x0000004226400000,0x0000004226500000) (1024K)]
  0x0000014c6f680620 JavaThread "Start Level: Equinox Container: 1722b672-8e05-4d0e-92aa-2e373a5a29be" daemon [_thread_blocked, id=9444, stack(0x0000004226500000,0x0000004226600000) (1024K)]
  0x0000014c6f3b7250 JavaThread "SCR Component Actor"        daemon [_thread_blocked, id=27232, stack(0x0000004226700000,0x0000004226800000) (1024K)]
  0x0000014c6fa24180 JavaThread "Worker-JM"                         [_thread_blocked, id=20432, stack(0x0000004226900000,0x0000004226a00000) (1024K)]
  0x0000014c6fafb320 JavaThread "JNA Cleaner"                daemon [_thread_blocked, id=14876, stack(0x0000004226800000,0x0000004226900000) (1024K)]
  0x0000014c6fafea60 JavaThread "Worker-0: Building"                [_thread_in_vm, id=24404, stack(0x0000004226c00000,0x0000004226d00000) (1024K)]
  0x0000014c6fd81930 JavaThread "Worker-1"                          [_thread_blocked, id=19908, stack(0x0000004226d00000,0x0000004226e00000) (1024K)]
  0x0000014c6fd812a0 JavaThread "Thread-1"                   daemon [_thread_in_native, id=26708, stack(0x0000004227100000,0x0000004227200000) (1024K)]
  0x0000014c6fd80580 JavaThread "Thread-2"                   daemon [_thread_in_native, id=24240, stack(0x0000004227200000,0x0000004227300000) (1024K)]
  0x0000014c6fd80c10 JavaThread "Thread-3"                   daemon [_thread_in_native, id=21240, stack(0x0000004227300000,0x0000004227400000) (1024K)]
  0x0000014c6fd086f0 JavaThread "Thread-4"                   daemon [_thread_in_native, id=20008, stack(0x0000004227400000,0x0000004227500000) (1024K)]
  0x0000014c6fd0a7c0 JavaThread "Thread-5"                   daemon [_thread_in_native, id=21324, stack(0x0000004227500000,0x0000004227600000) (1024K)]
  0x0000014c6fd0ae50 JavaThread "Thread-6"                   daemon [_thread_in_native, id=2328, stack(0x0000004227600000,0x0000004227700000) (1024K)]
  0x0000014c6fd0b4e0 JavaThread "Thread-7"                   daemon [_thread_in_native, id=7440, stack(0x0000004227700000,0x0000004227800000) (1024K)]
  0x0000014c6fd08d80 JavaThread "Thread-8"                   daemon [_thread_in_native, id=25484, stack(0x0000004227800000,0x0000004227900000) (1024K)]
  0x0000014c6fd09aa0 JavaThread "Thread-9"                   daemon [_thread_in_native, id=21416, stack(0x0000004227900000,0x0000004227a00000) (1024K)]
  0x0000014c6fd08060 JavaThread "Thread-10"                  daemon [_thread_in_native, id=13968, stack(0x0000004227a00000,0x0000004227b00000) (1024K)]
  0x0000014c6fd0bb70 JavaThread "Thread-11"                  daemon [_thread_in_native, id=27644, stack(0x0000004227b00000,0x0000004227c00000) (1024K)]
  0x0000014c6fd0a130 JavaThread "Thread-12"                  daemon [_thread_in_native, id=21248, stack(0x0000004227c00000,0x0000004227d00000) (1024K)]
  0x0000014c6fd0c200 JavaThread "Thread-13"                  daemon [_thread_in_native, id=15184, stack(0x0000004227d00000,0x0000004227e00000) (1024K)]
  0x0000014c6fd0c890 JavaThread "pool-2-thread-1"                   [_thread_blocked, id=18516, stack(0x0000004227e00000,0x0000004227f00000) (1024K)]
  0x0000014c6fd09410 JavaThread "Worker-2"                          [_thread_blocked, id=11340, stack(0x0000004227f00000,0x0000004228000000) (1024K)]
  0x0000014c6fd0e960 JavaThread "WorkspaceEventsHandler"            [_thread_blocked, id=11848, stack(0x0000004228000000,0x0000004228100000) (1024K)]
  0x0000014c6fd0cf20 JavaThread "pool-1-thread-1"                   [_thread_in_Java, id=26720, stack(0x0000004228100000,0x0000004228200000) (1024K)]
  0x0000014c6fd0d5b0 JavaThread "Compiler Source File Reader" daemon [_thread_blocked, id=7248, stack(0x0000004228200000,0x0000004228300000) (1024K)]
Total: 37

Other Threads:
  0x0000014c5231fa80 VMThread "VM Thread"                           [id=26296, stack(0x0000004225200000,0x0000004225300000) (1024K)]
  0x0000014c5210ca00 WatcherThread "VM Periodic Task Thread"        [id=26280, stack(0x0000004225100000,0x0000004225200000) (1024K)]
  0x0000014c5229c990 WorkerThread "GC Thread#0"                     [id=9184, stack(0x0000004225000000,0x0000004225100000) (1024K)]
  0x0000014c6f11e2f0 WorkerThread "GC Thread#1"                     [id=24176, stack(0x0000004225d00000,0x0000004225e00000) (1024K)]
  0x0000014c6f339010 WorkerThread "GC Thread#2"                     [id=24296, stack(0x0000004225e00000,0x0000004225f00000) (1024K)]
  0x0000014c6a2f0950 WorkerThread "GC Thread#3"                     [id=3196, stack(0x0000004225f00000,0x0000004226000000) (1024K)]
  0x0000014c6a2f0d00 WorkerThread "GC Thread#4"                     [id=15976, stack(0x0000004226000000,0x0000004226100000) (1024K)]
  0x0000014c6a2f10b0 WorkerThread "GC Thread#5"                     [id=11344, stack(0x0000004226100000,0x0000004226200000) (1024K)]
  0x0000014c6a2f1460 WorkerThread "GC Thread#6"                     [id=27556, stack(0x0000004226200000,0x0000004226300000) (1024K)]
  0x0000014c6f6a45e0 WorkerThread "GC Thread#7"                     [id=22916, stack(0x0000004226600000,0x0000004226700000) (1024K)]
  0x0000014c6fb7c7a0 WorkerThread "GC Thread#8"                     [id=11144, stack(0x0000004226a00000,0x0000004226b00000) (1024K)]
  0x0000014c6fb7d4c0 WorkerThread "GC Thread#9"                     [id=10028, stack(0x0000004226b00000,0x0000004226c00000) (1024K)]
Total: 12

Threads with active compile tasks:
C2 CompilerThread0  11869 5085       4       org.eclipse.osgi.internal.loader.BundleLoader::searchHooks (192 bytes)
C1 CompilerThread0  11869 5092       3       lombok.core.configuration.ConfigurationFile$RegularConfigurationFile::parent (39 bytes)
Total: 2

VM state: not at safepoint (normal execution)

VM Mutex/Monitor currently owned by a thread: None

Heap address: 0x0000000080000000, size: 2048 MB, Compressed Oops mode: 32-bit

CDS archive(s) mapped at: [0x0000014c00000000-0x0000014c00ba0000-0x0000014c00ba0000), size 12189696, SharedBaseAddress: 0x0000014c00000000, ArchiveRelocationMode: 1.
Compressed class space mapped at: 0x0000014c01000000-0x0000014c41000000, reserved size: 1073741824
Narrow klass base: 0x0000014c00000000, Narrow klass shift: 0, Narrow klass range: 0x100000000

GC Precious Log:
 CardTable entry size: 512
 CPUs: 12 total, 12 available
 Memory: 16071M
 Large Page Support: Disabled
 NUMA Support: Disabled
 Compressed Oops: Enabled (32-bit)
 Alignments: Space 512K, Generation 512K, Heap 2M
 Heap Min Capacity: 100M
 Heap Initial Capacity: 100M
 Heap Max Capacity: 2G
 Pre-touch: Disabled
 Parallel Workers: 10

Heap:
 PSYoungGen      total 23040K, used 16229K [0x00000000d5580000, 0x00000000d6e00000, 0x0000000100000000)
  eden space 22016K, 70% used [0x00000000d5580000,0x00000000d64b4368,0x00000000d6b00000)
  from space 1024K, 64% used [0x00000000d6b80000,0x00000000d6c25428,0x00000000d6c80000)
  to   space 1536K, 0% used [0x00000000d6c80000,0x00000000d6c80000,0x00000000d6e00000)
 ParOldGen       total 68608K, used 35872K [0x0000000080000000, 0x0000000084300000, 0x00000000d5580000)
  object space 68608K, 52% used [0x0000000080000000,0x0000000082308028,0x0000000084300000)
 Metaspace       used 38082K, committed 39040K, reserved 1114112K
  class space    used 3843K, committed 4224K, reserved 1048576K

Card table byte_map: [0x0000014c51c20000,0x0000014c52030000] _byte_map_base: 0x0000014c51820000

Marking Bits: (ParMarkBitMap*) 0x00007ff93f9e44a0
 Begin Bits: [0x0000014c64730000, 0x0000014c66730000)
 End Bits:   [0x0000014c66730000, 0x0000014c68730000)

Polling page: 0x0000014c502d0000

Metaspace:

Usage:
  Non-class:     33.44 MB used.
      Class:      3.75 MB used.
       Both:     37.19 MB used.

Virtual space:
  Non-class space:       64.00 MB reserved,      34.00 MB ( 53%) committed,  1 nodes.
      Class space:        1.00 GB reserved,       4.12 MB ( <1%) committed,  1 nodes.
             Both:        1.06 GB reserved,      38.12 MB (  4%) committed. 

Chunk freelists:
   Non-Class:  13.86 MB
       Class:  11.82 MB
        Both:  25.68 MB

MaxMetaspaceSize: unlimited
CompressedClassSpaceSize: 1.00 GB
Initial GC threshold: 21.00 MB
Current GC threshold: 58.38 MB
CDS: on
 - commit_granule_bytes: 65536.
 - commit_granule_words: 8192.
 - virtual_space_node_default_size: 8388608.
 - enlarge_chunks_in_place: 1.
 - use_allocation_guard: 0.


Internal statistics:

num_allocs_failed_limit: 6.
num_arena_births: 696.
num_arena_deaths: 14.
num_vsnodes_births: 2.
num_vsnodes_deaths: 0.
num_space_committed: 610.
num_space_uncommitted: 0.
num_chunks_returned_to_freelist: 20.
num_chunks_taken_from_freelist: 2246.
num_chunk_merges: 12.
num_chunk_splits: 1461.
num_chunks_enlarged: 924.
num_inconsistent_stats: 0.

CodeHeap 'non-profiled nmethods': size=120000Kb used=2899Kb max_used=2899Kb free=117100Kb
 bounds [0x0000014c5cf50000, 0x0000014c5d230000, 0x0000014c64480000]
CodeHeap 'profiled nmethods': size=120000Kb used=9546Kb max_used=9602Kb free=110453Kb
 bounds [0x0000014c55480000, 0x0000014c55e40000, 0x0000014c5c9b0000]
CodeHeap 'non-nmethods': size=5760Kb used=1377Kb max_used=1413Kb free=4382Kb
 bounds [0x0000014c5c9b0000, 0x0000014c5cc20000, 0x0000014c5cf50000]
CodeCache: size=245760Kb, used=13822Kb, max_used=13914Kb, free=231935Kb
 total_blobs=5379, nmethods=4699, adapters=586, full_count=0
Compilation: enabled, stopped_count=0, restarted_count=0

Compilation events (20 events):
Event: 11.759 Thread 0x0000014c69fd4c90 5081       3       java.lang.Character::isJavaIdentifierPart (5 bytes)
Event: 11.760 Thread 0x0000014c69fd4c90 nmethod 5081 0x0000014c55674390 code [0x0000014c55674560, 0x0000014c556747b8]
Event: 11.760 Thread 0x0000014c69fd4c90 5082       3       java.util.regex.Pattern$$Lambda/0x800000029::is (13 bytes)
Event: 11.760 Thread 0x0000014c69fd4c90 nmethod 5082 0x0000014c55536790 code [0x0000014c55536940, 0x0000014c55536b90]
Event: 11.760 Thread 0x0000014c69fd4c90 5083       3       java.util.regex.Pattern::lambda$Range$17 (7 bytes)
Event: 11.760 Thread 0x0000014c69fd4c90 nmethod 5083 0x0000014c55536310 code [0x0000014c555364c0, 0x0000014c55536688]
Event: 11.766 Thread 0x0000014c69fd4c90 5084   !   3       jdk.internal.reflect.MethodHandleObjectFieldAccessorImpl::get (46 bytes)
Event: 11.767 Thread 0x0000014c69fd4c90 nmethod 5084 0x0000014c554c6790 code [0x0000014c554c6a40, 0x0000014c554c7720]
Event: 11.774 Thread 0x0000014c5232dfd0 nmethod 5069 0x0000014c5cff7410 code [0x0000014c5cff76a0, 0x0000014c5cff8ed0]
Event: 11.796 Thread 0x0000014c5232dfd0 5085       4       org.eclipse.osgi.internal.loader.BundleLoader::searchHooks (192 bytes)
Event: 11.809 Thread 0x0000014c69fd4c90 5086       3       java.lang.StringLatin1::toBytes (9 bytes)
Event: 11.809 Thread 0x0000014c69fd4c90 nmethod 5086 0x0000014c55535f10 code [0x0000014c555360a0, 0x0000014c55536228]
Event: 11.809 Thread 0x0000014c69fd4c90 5087       3       lombok.launch.ShadowClassLoader::exclusionListMatch (44 bytes)
Event: 11.810 Thread 0x0000014c69fd4c90 nmethod 5087 0x0000014c55624910 code [0x0000014c55624b20, 0x0000014c55625148]
Event: 11.811 Thread 0x0000014c69fd4c90 5088   !   3       java.util.concurrent.ConcurrentHashMap::putVal (432 bytes)
Event: 11.813 Thread 0x0000014c69fd4c90 nmethod 5088 0x0000014c55587510 code [0x0000014c55587880, 0x0000014c55589158]
Event: 11.816 Thread 0x0000014c69fd4c90 5089       3       java.lang.Long::toString (55 bytes)
Event: 11.817 Thread 0x0000014c69fd4c90 nmethod 5089 0x0000014c55624010 code [0x0000014c556241e0, 0x0000014c55624520]
Event: 11.825 Thread 0x0000014c69fd4c90 5090       3       lombok.launch.ShadowClassLoader::partOfShadow (46 bytes)
Event: 11.826 Thread 0x0000014c69fd4c90 nmethod 5090 0x0000014c55903990 code [0x0000014c55903b80, 0x0000014c55903f68]

GC Heap History (20 events):
Event: 9.419 GC heap before
{Heap before GC invocations=12 (full 1):
 PSYoungGen      total 25600K, used 25246K [0x00000000d5580000, 0x00000000d7480000, 0x0000000100000000)
  eden space 23040K, 100% used [0x00000000d5580000,0x00000000d6c00000,0x00000000d6c00000)
  from space 2560K, 86% used [0x00000000d7200000,0x00000000d74279a8,0x00000000d7480000)
  to   space 3584K, 0% used [0x00000000d6d80000,0x00000000d6d80000,0x00000000d7100000)
 ParOldGen       total 68608K, used 20708K [0x0000000080000000, 0x0000000084300000, 0x00000000d5580000)
  object space 68608K, 30% used [0x0000000080000000,0x00000000814390e8,0x0000000084300000)
 Metaspace       used 33639K, committed 34624K, reserved 1114112K
  class space    used 3406K, committed 3840K, reserved 1048576K
}
Event: 9.422 GC heap after
{Heap after GC invocations=12 (full 1):
 PSYoungGen      total 24576K, used 1883K [0x00000000d5580000, 0x00000000d7280000, 0x0000000100000000)
  eden space 22528K, 0% used [0x00000000d5580000,0x00000000d5580000,0x00000000d6b80000)
  from space 2048K, 91% used [0x00000000d6d80000,0x00000000d6f56e88,0x00000000d6f80000)
  to   space 2560K, 0% used [0x00000000d7000000,0x00000000d7000000,0x00000000d7280000)
 ParOldGen       total 68608K, used 22169K [0x0000000080000000, 0x0000000084300000, 0x00000000d5580000)
  object space 68608K, 32% used [0x0000000080000000,0x00000000815a64a8,0x0000000084300000)
 Metaspace       used 33639K, committed 34624K, reserved 1114112K
  class space    used 3406K, committed 3840K, reserved 1048576K
}
Event: 9.557 GC heap before
{Heap before GC invocations=13 (full 1):
 PSYoungGen      total 24576K, used 24411K [0x00000000d5580000, 0x00000000d7280000, 0x0000000100000000)
  eden space 22528K, 100% used [0x00000000d5580000,0x00000000d6b80000,0x00000000d6b80000)
  from space 2048K, 91% used [0x00000000d6d80000,0x00000000d6f56e88,0x00000000d6f80000)
  to   space 2560K, 0% used [0x00000000d7000000,0x00000000d7000000,0x00000000d7280000)
 ParOldGen       total 68608K, used 22169K [0x0000000080000000, 0x0000000084300000, 0x00000000d5580000)
  object space 68608K, 32% used [0x0000000080000000,0x00000000815a64a8,0x0000000084300000)
 Metaspace       used 33651K, committed 34624K, reserved 1114112K
  class space    used 3406K, committed 3840K, reserved 1048576K
}
Event: 9.559 GC heap after
{Heap after GC invocations=13 (full 1):
 PSYoungGen      total 24576K, used 2112K [0x00000000d5580000, 0x00000000d7280000, 0x0000000100000000)
  eden space 22016K, 0% used [0x00000000d5580000,0x00000000d5580000,0x00000000d6b00000)
  from space 2560K, 82% used [0x00000000d7000000,0x00000000d7210010,0x00000000d7280000)
  to   space 2560K, 0% used [0x00000000d6d80000,0x00000000d6d80000,0x00000000d7000000)
 ParOldGen       total 68608K, used 23911K [0x0000000080000000, 0x0000000084300000, 0x00000000d5580000)
  object space 68608K, 34% used [0x0000000080000000,0x0000000081759d68,0x0000000084300000)
 Metaspace       used 33651K, committed 34624K, reserved 1114112K
  class space    used 3406K, committed 3840K, reserved 1048576K
}
Event: 9.677 GC heap before
{Heap before GC invocations=14 (full 1):
 PSYoungGen      total 24576K, used 24128K [0x00000000d5580000, 0x00000000d7280000, 0x0000000100000000)
  eden space 22016K, 100% used [0x00000000d5580000,0x00000000d6b00000,0x00000000d6b00000)
  from space 2560K, 82% used [0x00000000d7000000,0x00000000d7210010,0x00000000d7280000)
  to   space 2560K, 0% used [0x00000000d6d80000,0x00000000d6d80000,0x00000000d7000000)
 ParOldGen       total 68608K, used 23911K [0x0000000080000000, 0x0000000084300000, 0x00000000d5580000)
  object space 68608K, 34% used [0x0000000080000000,0x0000000081759d68,0x0000000084300000)
 Metaspace       used 34006K, committed 34944K, reserved 1114112K
  class space    used 3463K, committed 3840K, reserved 1048576K
}
Event: 9.681 GC heap after
{Heap after GC invocations=14 (full 1):
 PSYoungGen      total 24576K, used 2530K [0x00000000d5580000, 0x00000000d7100000, 0x0000000100000000)
  eden space 22016K, 0% used [0x00000000d5580000,0x00000000d5580000,0x00000000d6b00000)
  from space 2560K, 98% used [0x00000000d6d80000,0x00000000d6ff8820,0x00000000d7000000)
  to   space 1024K, 0% used [0x00000000d7000000,0x00000000d7000000,0x00000000d7100000)
 ParOldGen       total 68608K, used 25871K [0x0000000080000000, 0x0000000084300000, 0x00000000d5580000)
  object space 68608K, 37% used [0x0000000080000000,0x0000000081943d68,0x0000000084300000)
 Metaspace       used 34006K, committed 34944K, reserved 1114112K
  class space    used 3463K, committed 3840K, reserved 1048576K
}
Event: 9.843 GC heap before
{Heap before GC invocations=15 (full 1):
 PSYoungGen      total 24576K, used 24546K [0x00000000d5580000, 0x00000000d7100000, 0x0000000100000000)
  eden space 22016K, 100% used [0x00000000d5580000,0x00000000d6b00000,0x00000000d6b00000)
  from space 2560K, 98% used [0x00000000d6d80000,0x00000000d6ff8820,0x00000000d7000000)
  to   space 1024K, 0% used [0x00000000d7000000,0x00000000d7000000,0x00000000d7100000)
 ParOldGen       total 68608K, used 25871K [0x0000000080000000, 0x0000000084300000, 0x00000000d5580000)
  object space 68608K, 37% used [0x0000000080000000,0x0000000081943d68,0x0000000084300000)
 Metaspace       used 34131K, committed 35136K, reserved 1114112K
  class space    used 3470K, committed 3904K, reserved 1048576K
}
Event: 9.846 GC heap after
{Heap after GC invocations=15 (full 1):
 PSYoungGen      total 23040K, used 1024K [0x00000000d5580000, 0x00000000d7500000, 0x0000000100000000)
  eden space 22016K, 0% used [0x00000000d5580000,0x00000000d5580000,0x00000000d6b00000)
  from space 1024K, 100% used [0x00000000d7000000,0x00000000d7100000,0x00000000d7100000)
  to   space 5120K, 0% used [0x00000000d6b00000,0x00000000d6b00000,0x00000000d7000000)
 ParOldGen       total 68608K, used 29181K [0x0000000080000000, 0x0000000084300000, 0x00000000d5580000)
  object space 68608K, 42% used [0x0000000080000000,0x0000000081c7f6b0,0x0000000084300000)
 Metaspace       used 34131K, committed 35136K, reserved 1114112K
  class space    used 3470K, committed 3904K, reserved 1048576K
}
Event: 9.913 GC heap before
{Heap before GC invocations=16 (full 1):
 PSYoungGen      total 23040K, used 23040K [0x00000000d5580000, 0x00000000d7500000, 0x0000000100000000)
  eden space 22016K, 100% used [0x00000000d5580000,0x00000000d6b00000,0x00000000d6b00000)
  from space 1024K, 100% used [0x00000000d7000000,0x00000000d7100000,0x00000000d7100000)
  to   space 5120K, 0% used [0x00000000d6b00000,0x00000000d6b00000,0x00000000d7000000)
 ParOldGen       total 68608K, used 29181K [0x0000000080000000, 0x0000000084300000, 0x00000000d5580000)
  object space 68608K, 42% used [0x0000000080000000,0x0000000081c7f6b0,0x0000000084300000)
 Metaspace       used 34267K, committed 35264K, reserved 1114112K
  class space    used 3485K, committed 3904K, reserved 1048576K
}
Event: 9.916 GC heap after
{Heap after GC invocations=16 (full 1):
 PSYoungGen      total 24576K, used 2180K [0x00000000d5580000, 0x00000000d7100000, 0x0000000100000000)
  eden space 22016K, 0% used [0x00000000d5580000,0x00000000d5580000,0x00000000d6b00000)
  from space 2560K, 85% used [0x00000000d6b00000,0x00000000d6d21020,0x00000000d6d80000)
  to   space 3072K, 0% used [0x00000000d6e00000,0x00000000d6e00000,0x00000000d7100000)
 ParOldGen       total 68608K, used 30213K [0x0000000080000000, 0x0000000084300000, 0x00000000d5580000)
  object space 68608K, 44% used [0x0000000080000000,0x0000000081d814d0,0x0000000084300000)
 Metaspace       used 34267K, committed 35264K, reserved 1114112K
  class space    used 3485K, committed 3904K, reserved 1048576K
}
Event: 9.998 GC heap before
{Heap before GC invocations=17 (full 1):
 PSYoungGen      total 24576K, used 24196K [0x00000000d5580000, 0x00000000d7100000, 0x0000000100000000)
  eden space 22016K, 100% used [0x00000000d5580000,0x00000000d6b00000,0x00000000d6b00000)
  from space 2560K, 85% used [0x00000000d6b00000,0x00000000d6d21020,0x00000000d6d80000)
  to   space 3072K, 0% used [0x00000000d6e00000,0x00000000d6e00000,0x00000000d7100000)
 ParOldGen       total 68608K, used 30213K [0x0000000080000000, 0x0000000084300000, 0x00000000d5580000)
  object space 68608K, 44% used [0x0000000080000000,0x0000000081d814d0,0x0000000084300000)
 Metaspace       used 34303K, committed 35264K, reserved 1114112K
  class space    used 3485K, committed 3904K, reserved 1048576K
}
Event: 10.003 GC heap after
{Heap after GC invocations=17 (full 1):
 PSYoungGen      total 24576K, used 2304K [0x00000000d5580000, 0x00000000d7080000, 0x0000000100000000)
  eden space 22016K, 0% used [0x00000000d5580000,0x00000000d5580000,0x00000000d6b00000)
  from space 2560K, 90% used [0x00000000d6e00000,0x00000000d7040010,0x00000000d7080000)
  to   space 2560K, 0% used [0x00000000d6b00000,0x00000000d6b00000,0x00000000d6d80000)
 ParOldGen       total 68608K, used 32322K [0x0000000080000000, 0x0000000084300000, 0x00000000d5580000)
  object space 68608K, 47% used [0x0000000080000000,0x0000000081f90b18,0x0000000084300000)
 Metaspace       used 34303K, committed 35264K, reserved 1114112K
  class space    used 3485K, committed 3904K, reserved 1048576K
}
Event: 10.165 GC heap before
{Heap before GC invocations=18 (full 1):
 PSYoungGen      total 24576K, used 24320K [0x00000000d5580000, 0x00000000d7080000, 0x0000000100000000)
  eden space 22016K, 100% used [0x00000000d5580000,0x00000000d6b00000,0x00000000d6b00000)
  from space 2560K, 90% used [0x00000000d6e00000,0x00000000d7040010,0x00000000d7080000)
  to   space 2560K, 0% used [0x00000000d6b00000,0x00000000d6b00000,0x00000000d6d80000)
 ParOldGen       total 68608K, used 32322K [0x0000000080000000, 0x0000000084300000, 0x00000000d5580000)
  object space 68608K, 47% used [0x0000000080000000,0x0000000081f90b18,0x0000000084300000)
 Metaspace       used 34386K, committed 35328K, reserved 1114112K
  class space    used 3488K, committed 3904K, reserved 1048576K
}
Event: 10.169 GC heap after
{Heap after GC invocations=18 (full 1):
 PSYoungGen      total 24576K, used 1984K [0x00000000d5580000, 0x00000000d7000000, 0x0000000100000000)
  eden space 22016K, 0% used [0x00000000d5580000,0x00000000d5580000,0x00000000d6b00000)
  from space 2560K, 77% used [0x00000000d6b00000,0x00000000d6cf0000,0x00000000d6d80000)
  to   space 2560K, 0% used [0x00000000d6d80000,0x00000000d6d80000,0x00000000d7000000)
 ParOldGen       total 68608K, used 34426K [0x0000000080000000, 0x0000000084300000, 0x00000000d5580000)
  object space 68608K, 50% used [0x0000000080000000,0x000000008219eb28,0x0000000084300000)
 Metaspace       used 34386K, committed 35328K, reserved 1114112K
  class space    used 3488K, committed 3904K, reserved 1048576K
}
Event: 10.440 GC heap before
{Heap before GC invocations=19 (full 1):
 PSYoungGen      total 24576K, used 17076K [0x00000000d5580000, 0x00000000d7000000, 0x0000000100000000)
  eden space 22016K, 68% used [0x00000000d5580000,0x00000000d643d1c8,0x00000000d6b00000)
  from space 2560K, 77% used [0x00000000d6b00000,0x00000000d6cf0000,0x00000000d6d80000)
  to   space 2560K, 0% used [0x00000000d6d80000,0x00000000d6d80000,0x00000000d7000000)
 ParOldGen       total 68608K, used 34426K [0x0000000080000000, 0x0000000084300000, 0x00000000d5580000)
  object space 68608K, 50% used [0x0000000080000000,0x000000008219eb28,0x0000000084300000)
 Metaspace       used 34895K, committed 35840K, reserved 1114112K
  class space    used 3547K, committed 3968K, reserved 1048576K
}
Event: 10.444 GC heap after
{Heap after GC invocations=19 (full 1):
 PSYoungGen      total 24064K, used 1632K [0x00000000d5580000, 0x00000000d6f80000, 0x0000000100000000)
  eden space 22016K, 0% used [0x00000000d5580000,0x00000000d5580000,0x00000000d6b00000)
  from space 2048K, 79% used [0x00000000d6d80000,0x00000000d6f18000,0x00000000d6f80000)
  to   space 2048K, 0% used [0x00000000d6b80000,0x00000000d6b80000,0x00000000d6d80000)
 ParOldGen       total 68608K, used 36283K [0x0000000080000000, 0x0000000084300000, 0x00000000d5580000)
  object space 68608K, 52% used [0x0000000080000000,0x000000008236ed28,0x0000000084300000)
 Metaspace       used 34895K, committed 35840K, reserved 1114112K
  class space    used 3547K, committed 3968K, reserved 1048576K
}
Event: 10.444 GC heap before
{Heap before GC invocations=20 (full 2):
 PSYoungGen      total 24064K, used 1632K [0x00000000d5580000, 0x00000000d6f80000, 0x0000000100000000)
  eden space 22016K, 0% used [0x00000000d5580000,0x00000000d5580000,0x00000000d6b00000)
  from space 2048K, 79% used [0x00000000d6d80000,0x00000000d6f18000,0x00000000d6f80000)
  to   space 2048K, 0% used [0x00000000d6b80000,0x00000000d6b80000,0x00000000d6d80000)
 ParOldGen       total 68608K, used 36283K [0x0000000080000000, 0x0000000084300000, 0x00000000d5580000)
  object space 68608K, 52% used [0x0000000080000000,0x000000008236ed28,0x0000000084300000)
 Metaspace       used 34895K, committed 35840K, reserved 1114112K
  class space    used 3547K, committed 3968K, reserved 1048576K
}
Event: 10.498 GC heap after
{Heap after GC invocations=20 (full 2):
 PSYoungGen      total 24064K, used 0K [0x00000000d5580000, 0x00000000d6f80000, 0x0000000100000000)
  eden space 22016K, 0% used [0x00000000d5580000,0x00000000d5580000,0x00000000d6b00000)
  from space 2048K, 0% used [0x00000000d6d80000,0x00000000d6d80000,0x00000000d6f80000)
  to   space 2048K, 0% used [0x00000000d6b80000,0x00000000d6b80000,0x00000000d6d80000)
 ParOldGen       total 68608K, used 35864K [0x0000000080000000, 0x0000000084300000, 0x00000000d5580000)
  object space 68608K, 52% used [0x0000000080000000,0x0000000082306028,0x0000000084300000)
 Metaspace       used 34895K, committed 35840K, reserved 1114112K
  class space    used 3547K, committed 3968K, reserved 1048576K
}
Event: 11.326 GC heap before
{Heap before GC invocations=21 (full 2):
 PSYoungGen      total 24064K, used 22016K [0x00000000d5580000, 0x00000000d6f80000, 0x0000000100000000)
  eden space 22016K, 100% used [0x00000000d5580000,0x00000000d6b00000,0x00000000d6b00000)
  from space 2048K, 0% used [0x00000000d6d80000,0x00000000d6d80000,0x00000000d6f80000)
  to   space 2048K, 0% used [0x00000000d6b80000,0x00000000d6b80000,0x00000000d6d80000)
 ParOldGen       total 68608K, used 35864K [0x0000000080000000, 0x0000000084300000, 0x00000000d5580000)
  object space 68608K, 52% used [0x0000000080000000,0x0000000082306028,0x0000000084300000)
 Metaspace       used 37023K, committed 38016K, reserved 1114112K
  class space    used 3732K, committed 4160K, reserved 1048576K
}
Event: 11.328 GC heap after
{Heap after GC invocations=21 (full 2):
 PSYoungGen      total 23040K, used 661K [0x00000000d5580000, 0x00000000d6e00000, 0x0000000100000000)
  eden space 22016K, 0% used [0x00000000d5580000,0x00000000d5580000,0x00000000d6b00000)
  from space 1024K, 64% used [0x00000000d6b80000,0x00000000d6c25428,0x00000000d6c80000)
  to   space 1536K, 0% used [0x00000000d6c80000,0x00000000d6c80000,0x00000000d6e00000)
 ParOldGen       total 68608K, used 35872K [0x0000000080000000, 0x0000000084300000, 0x00000000d5580000)
  object space 68608K, 52% used [0x0000000080000000,0x0000000082308028,0x0000000084300000)
 Metaspace       used 37023K, committed 38016K, reserved 1114112K
  class space    used 3732K, committed 4160K, reserved 1048576K
}

Dll operation events (20 events):
Event: 0.014 Attempting to load shared library c:\Users\acer\.antigravity-ide\extensions\redhat.java-1.56.0-win32-x64\jre\21.0.12.1-win32-x86_64\bin\java.dll
Event: 0.014 Loaded shared library c:\Users\acer\.antigravity-ide\extensions\redhat.java-1.56.0-win32-x64\jre\21.0.12.1-win32-x86_64\bin\java.dll
Event: 0.100 Attempting to load shared library c:\Users\acer\.antigravity-ide\extensions\redhat.java-1.56.0-win32-x64\jre\21.0.12.1-win32-x86_64\bin\zip.dll
Event: 0.101 Loaded shared library c:\Users\acer\.antigravity-ide\extensions\redhat.java-1.56.0-win32-x64\jre\21.0.12.1-win32-x86_64\bin\zip.dll
Event: 0.137 Attempting to load shared library C:\Users\acer\.antigravity-ide\extensions\redhat.java-1.56.0-win32-x64\jre\21.0.12.1-win32-x86_64\bin\instrument.dll
Event: 0.137 Loaded shared library C:\Users\acer\.antigravity-ide\extensions\redhat.java-1.56.0-win32-x64\jre\21.0.12.1-win32-x86_64\bin\instrument.dll
Event: 0.147 Attempting to load shared library C:\Users\acer\.antigravity-ide\extensions\redhat.java-1.56.0-win32-x64\jre\21.0.12.1-win32-x86_64\bin\net.dll
Event: 0.154 Loaded shared library C:\Users\acer\.antigravity-ide\extensions\redhat.java-1.56.0-win32-x64\jre\21.0.12.1-win32-x86_64\bin\net.dll
Event: 0.157 Attempting to load shared library C:\Users\acer\.antigravity-ide\extensions\redhat.java-1.56.0-win32-x64\jre\21.0.12.1-win32-x86_64\bin\nio.dll
Event: 0.159 Loaded shared library C:\Users\acer\.antigravity-ide\extensions\redhat.java-1.56.0-win32-x64\jre\21.0.12.1-win32-x86_64\bin\nio.dll
Event: 0.164 Attempting to load shared library C:\Users\acer\.antigravity-ide\extensions\redhat.java-1.56.0-win32-x64\jre\21.0.12.1-win32-x86_64\bin\zip.dll
Event: 0.164 Loaded shared library C:\Users\acer\.antigravity-ide\extensions\redhat.java-1.56.0-win32-x64\jre\21.0.12.1-win32-x86_64\bin\zip.dll
Event: 0.205 Attempting to load shared library C:\Users\acer\.antigravity-ide\extensions\redhat.java-1.56.0-win32-x64\jre\21.0.12.1-win32-x86_64\bin\jimage.dll
Event: 0.205 Loaded shared library C:\Users\acer\.antigravity-ide\extensions\redhat.java-1.56.0-win32-x64\jre\21.0.12.1-win32-x86_64\bin\jimage.dll
Event: 0.409 Attempting to load shared library c:\Users\acer\.antigravity-ide\extensions\redhat.java-1.56.0-win32-x64\jre\21.0.12.1-win32-x86_64\bin\verify.dll
Event: 0.415 Loaded shared library c:\Users\acer\.antigravity-ide\extensions\redhat.java-1.56.0-win32-x64\jre\21.0.12.1-win32-x86_64\bin\verify.dll
Event: 2.097 Attempting to load shared library C:\Users\acer\AppData\Roaming\Antigravity IDE\User\globalStorage\redhat.java\1.56.0\config_ss_win\org.eclipse.equinox.launcher\org.eclipse.equinox.launcher.win32.win32.x86_64_1.3.100.v20260804-1928\eclipse_11924.dll
Event: 2.107 Loaded shared library C:\Users\acer\AppData\Roaming\Antigravity IDE\User\globalStorage\redhat.java\1.56.0\config_ss_win\org.eclipse.equinox.launcher\org.eclipse.equinox.launcher.win32.win32.x86_64_1.3.100.v20260804-1928\eclipse_11924.dll
Event: 4.669 Attempting to load shared library C:\Users\acer\AppData\Local\Temp\jna-2988111\jna4156425149941032608.dll
Event: 5.060 Loaded shared library C:\Users\acer\AppData\Local\Temp\jna-2988111\jna4156425149941032608.dll

Deoptimization events (20 events):
Event: 11.556 Thread 0x0000014c6fafea60 DEOPT PACKING pc=0x0000014c5d07fca0 sp=0x0000004226cfdb30
Event: 11.556 Thread 0x0000014c6fafea60 DEOPT UNPACKING pc=0x0000014c5ca03aa2 sp=0x0000004226cfdaa0 mode 2
Event: 11.620 Thread 0x0000014c6fafea60 DEOPT PACKING pc=0x0000014c555b4339 sp=0x0000004226cfc3b0
Event: 11.620 Thread 0x0000014c6fafea60 DEOPT UNPACKING pc=0x0000014c5ca04242 sp=0x0000004226cfb8b0 mode 0
Event: 11.642 Thread 0x0000014c6fafea60 Uncommon trap: trap_request=0xffffffde fr.pc=0x0000014c5d07fca0 relative=0x0000000000000b40
Event: 11.642 Thread 0x0000014c6fafea60 Uncommon trap: reason=class_check action=maybe_recompile pc=0x0000014c5d07fca0 method=java.util.concurrent.ConcurrentHashMap.putVal(Ljava/lang/Object;Ljava/lang/Object;Z)Ljava/lang/Object; @ 242 c2
Event: 11.642 Thread 0x0000014c6fafea60 DEOPT PACKING pc=0x0000014c5d07fca0 sp=0x0000004226cfdce0
Event: 11.642 Thread 0x0000014c6fafea60 DEOPT UNPACKING pc=0x0000014c5ca03aa2 sp=0x0000004226cfdc50 mode 2
Event: 11.645 Thread 0x0000014c6fafea60 Uncommon trap: trap_request=0xffffffde fr.pc=0x0000014c5d07fb24 relative=0x00000000000009c4
Event: 11.645 Thread 0x0000014c6fafea60 Uncommon trap: reason=class_check action=maybe_recompile pc=0x0000014c5d07fb24 method=java.util.concurrent.ConcurrentHashMap.putVal(Ljava/lang/Object;Ljava/lang/Object;Z)Ljava/lang/Object; @ 159 c2
Event: 11.645 Thread 0x0000014c6fafea60 DEOPT PACKING pc=0x0000014c5d07fb24 sp=0x0000004226cfdb60
Event: 11.645 Thread 0x0000014c6fafea60 DEOPT UNPACKING pc=0x0000014c5ca03aa2 sp=0x0000004226cfdae0 mode 2
Event: 11.714 Thread 0x0000014c6fd0cf20 Uncommon trap: trap_request=0xffffff45 fr.pc=0x0000014c5d07fabc relative=0x000000000000095c
Event: 11.714 Thread 0x0000014c6fd0cf20 Uncommon trap: reason=unstable_if action=reinterpret pc=0x0000014c5d07fabc method=java.util.concurrent.ConcurrentHashMap.putVal(Ljava/lang/Object;Ljava/lang/Object;Z)Ljava/lang/Object; @ 97 c2
Event: 11.714 Thread 0x0000014c6fd0cf20 DEOPT PACKING pc=0x0000014c5d07fabc sp=0x00000042281fd250
Event: 11.714 Thread 0x0000014c6fd0cf20 DEOPT UNPACKING pc=0x0000014c5ca03aa2 sp=0x00000042281fd1d8 mode 2
Event: 11.765 Thread 0x0000014c6fd0cf20 Uncommon trap: trap_request=0xffffffbe fr.pc=0x0000014c5d019370 relative=0x0000000000000b10
Event: 11.765 Thread 0x0000014c6fd0cf20 Uncommon trap: reason=profile_predicate action=maybe_recompile pc=0x0000014c5d019370 method=java.util.TreeMap.put(Ljava/lang/Object;Ljava/lang/Object;Z)Ljava/lang/Object; @ 27 c2
Event: 11.765 Thread 0x0000014c6fd0cf20 DEOPT PACKING pc=0x0000014c5d019370 sp=0x00000042281fcd50
Event: 11.765 Thread 0x0000014c6fd0cf20 DEOPT UNPACKING pc=0x0000014c5ca03aa2 sp=0x00000042281fccf0 mode 2

Classes loaded (20 events):
Event: 9.390 Loading class java/lang/invoke/MethodHandleImpl$Makers$3
Event: 9.390 Loading class java/lang/invoke/MethodHandleImpl$Makers$3 done
Event: 9.396 Loading class java/lang/runtime/ObjectMethods$1
Event: 9.397 Loading class java/lang/runtime/ObjectMethods$1 done
Event: 9.618 Loading class java/util/AbstractList$ListItr
Event: 9.618 Loading class java/util/AbstractList$ListItr done
Event: 9.629 Loading class java/nio/channels/Channels$ReadableByteChannelImpl
Event: 9.630 Loading class java/nio/channels/Channels$ReadableByteChannelImpl done
Event: 9.630 Loading class java/nio/channels/NonWritableChannelException
Event: 9.631 Loading class java/nio/channels/NonWritableChannelException done
Event: 9.872 Loading class java/lang/invoke/MethodHandleImpl$CountingWrapper
Event: 9.873 Loading class java/lang/invoke/MethodHandleImpl$CountingWrapper done
Event: 9.986 Loading class java/lang/invoke/MethodHandleImpl$CountingWrapper$1
Event: 9.987 Loading class java/lang/invoke/MethodHandleImpl$CountingWrapper$1 done
Event: 10.340 Loading class java/util/zip/CheckedInputStream
Event: 10.341 Loading class java/util/zip/CheckedInputStream done
Event: 11.072 Loading class java/util/Vector$1
Event: 11.072 Loading class java/util/Vector$1 done
Event: 11.621 Loading class java/util/regex/Pattern$Caret
Event: 11.621 Loading class java/util/regex/Pattern$Caret done

Classes unloaded (7 events):
Event: 6.181 Thread 0x0000014c5231fa80 Unloading class 0x0000014c01190c00 'java/lang/invoke/LambdaForm$MH+0x0000014c01190c00'
Event: 6.181 Thread 0x0000014c5231fa80 Unloading class 0x0000014c01190800 'java/lang/invoke/LambdaForm$MH+0x0000014c01190800'
Event: 6.181 Thread 0x0000014c5231fa80 Unloading class 0x0000014c01190400 'java/lang/invoke/LambdaForm$MH+0x0000014c01190400'
Event: 6.181 Thread 0x0000014c5231fa80 Unloading class 0x0000014c01190000 'java/lang/invoke/LambdaForm$MH+0x0000014c01190000'
Event: 6.181 Thread 0x0000014c5231fa80 Unloading class 0x0000014c0118fc00 'java/lang/invoke/LambdaForm$BMH+0x0000014c0118fc00'
Event: 6.181 Thread 0x0000014c5231fa80 Unloading class 0x0000014c0118f800 'java/lang/invoke/LambdaForm$DMH+0x0000014c0118f800'
Event: 6.181 Thread 0x0000014c5231fa80 Unloading class 0x0000014c0118e400 'java/lang/invoke/LambdaForm$DMH+0x0000014c0118e400'

Classes redefined (0 events):
No events

Internal exceptions (20 events):
Event: 9.187 Thread 0x0000014c6fd0cf20 Exception <a 'java/io/FileNotFoundException'{0x00000000d623b390}> (0x00000000d623b390) 
thrown [s\src\hotspot\share\prims\jni.cpp, line 520]
Event: 9.257 Thread 0x0000014c6fd0cf20 Implicit null exception at 0x0000014c5d1139a6 to 0x0000014c5d113c74
Event: 9.257 Thread 0x0000014c6fd0cf20 Exception <a 'java/lang/NoSuchMethodError'{0x00000000d6471688}: 'long java.lang.invoke.DirectMethodHandle$Holder.invokeStatic(java.lang.Object, java.lang.Object, int)'> (0x00000000d6471688) 
thrown [s\src\hotspot\share\interpreter\linkResolver.cpp, line 773]
Event: 9.259 Thread 0x0000014c6fd0cf20 Exception <a 'java/lang/NoSuchMethodError'{0x00000000d647bc88}: 'java.lang.Object java.lang.invoke.DelegatingMethodHandle$Holder.reinvoke_L(java.lang.Object, int, long, java.lang.Object, java.lang.Object, int, java.lang.Object)'> (0x00000000d647bc88) 
thrown [s\src\hotspot\share\interpreter\linkResolver.cpp, line 773]
Event: 9.387 Thread 0x0000014c6fd0cf20 Exception <a 'java/lang/NoSuchMethodError'{0x00000000d6a23b60}: 'java.lang.Object java.lang.invoke.DirectMethodHandle$Holder.invokeStaticInit(java.lang.Object, java.lang.Object, java.lang.Object, java.lang.Object, java.lang.Object, java.lang.Object, java.lang.Object)'> (0x00000000d6a23b60) 
thrown [s\src\hotspot\share\interpreter\linkResolver.cpp, line 773]
Event: 9.388 Thread 0x0000014c6fd0cf20 Exception <a 'java/lang/NoSuchMethodError'{0x00000000d6a28ab8}: 'java.lang.Object java.lang.invoke.Invokers$Holder.invoke_MT(java.lang.Object, java.lang.Object, java.lang.Object, java.lang.Object, java.lang.Object, java.lang.Object, java.lang.Object, java.lang.Object, java.lang.Object, java.lang.Object)'> (0x00000000d6a28ab8) 
thrown [s\src\hotspot\share\interpreter\linkResolver.cpp, line 773]
Event: 9.397 Thread 0x0000014c6fd0cf20 Exception <a 'java/lang/NoSuchMethodError'{0x00000000d6a686d8}: 'int java.lang.invoke.DirectMethodHandle$Holder.invokeVirtual(java.lang.Object, java.lang.Object, java.lang.Object)'> (0x00000000d6a686d8) 
thrown [s\src\hotspot\share\interpreter\linkResolver.cpp, line 773]
Event: 9.397 Thread 0x0000014c6fd0cf20 Exception <a 'java/lang/NoSuchMethodError'{0x00000000d6a6ca80}: 'int java.lang.invoke.DirectMethodHandle$Holder.invokeStaticInit(java.lang.Object, int, int)'> (0x00000000d6a6ca80) 
thrown [s\src\hotspot\share\interpreter\linkResolver.cpp, line 773]
Event: 9.398 Thread 0x0000014c6fd0cf20 Exception <a 'java/lang/NoSuchMethodError'{0x00000000d6a74490}: 'int java.lang.invoke.DirectMethodHandle$Holder.invokeStaticInit(java.lang.Object, long, long)'> (0x00000000d6a74490) 
thrown [s\src\hotspot\share\interpreter\linkResolver.cpp, line 773]
Event: 9.399 Thread 0x0000014c6fd0cf20 Exception <a 'java/lang/NoSuchMethodError'{0x00000000d6a7b1d8}: 'int java.lang.invoke.DirectMethodHandle$Holder.invokeStaticInit(java.lang.Object, float, float)'> (0x00000000d6a7b1d8) 
thrown [s\src\hotspot\share\interpreter\linkResolver.cpp, line 773]
Event: 9.400 Thread 0x0000014c6fd0cf20 Exception <a 'java/lang/NoSuchMethodError'{0x00000000d6a81f18}: 'int java.lang.invoke.DirectMethodHandle$Holder.invokeStaticInit(java.lang.Object, double, double)'> (0x00000000d6a81f18) 
thrown [s\src\hotspot\share\interpreter\linkResolver.cpp, line 773]
Event: 9.401 Thread 0x0000014c6fd0cf20 Exception <a 'java/lang/NoSuchMethodError'{0x00000000d6a86730}: 'int java.lang.invoke.DirectMethodHandle$Holder.invokeStatic(java.lang.Object, long)'> (0x00000000d6a86730) 
thrown [s\src\hotspot\share\interpreter\linkResolver.cpp, line 773]
Event: 9.408 Thread 0x0000014c6fd0cf20 Exception <a 'java/lang/NoSuchMethodError'{0x00000000d6aa5860}: 'int java.lang.invoke.Invokers$Holder.linkToTargetMethod(java.lang.Object, java.lang.Object)'> (0x00000000d6aa5860) 
thrown [s\src\hotspot\share\interpreter\linkResolver.cpp, line 773]
Event: 9.850 Thread 0x0000014c6fafea60 Exception <a 'java/io/FileNotFoundException'{0x00000000d5767188}> (0x00000000d5767188) 
thrown [s\src\hotspot\share\prims\jni.cpp, line 520]
Event: 9.851 Thread 0x0000014c6fafea60 Exception <a 'java/io/FileNotFoundException'{0x00000000d5768488}> (0x00000000d5768488) 
thrown [s\src\hotspot\share\prims\jni.cpp, line 520]
Event: 9.851 Thread 0x0000014c6fafea60 Exception <a 'java/io/FileNotFoundException'{0x00000000d5822b80}> (0x00000000d5822b80) 
thrown [s\src\hotspot\share\prims\jni.cpp, line 520]
Event: 9.870 Thread 0x0000014c6fafea60 Exception <a 'java/lang/NoSuchMethodError'{0x00000000d5f0d9c0}: 'int java.lang.invoke.DirectMethodHandle$Holder.invokeSpecial(java.lang.Object, java.lang.Object, java.lang.Object, java.lang.Object)'> (0x00000000d5f0d9c0) 
thrown [s\src\hotspot\share\interpreter\linkResolver.cpp, line 773]
Event: 9.872 Thread 0x0000014c6fafea60 Exception <a 'java/lang/NoSuchMethodError'{0x00000000d5f786a0}: 'java.lang.Object java.lang.invoke.DirectMethodHandle$Holder.invokeStatic(java.lang.Object, int, java.lang.Object, java.lang.Object)'> (0x00000000d5f786a0) 
thrown [s\src\hotspot\share\interpreter\linkResolver.cpp, line 773]
Event: 9.872 Thread 0x0000014c6fafea60 Exception <a 'java/lang/NoSuchMethodError'{0x00000000d5fd8e20}: 'java.lang.Object java.lang.invoke.DelegatingMethodHandle$Holder.delegate(java.lang.Object, int, java.lang.Object, java.lang.Object)'> (0x00000000d5fd8e20) 
thrown [s\src\hotspot\share\interpreter\linkResolver.cpp, line 773]
Event: 9.875 Thread 0x0000014c6fafea60 Exception <a 'java/lang/NoSuchMethodError'{0x00000000d60a6d40}: 'int java.lang.invoke.Invokers$Holder.linkToTargetMethod(java.lang.Object, java.lang.Object, java.lang.Object)'> (0x00000000d60a6d40) 
thrown [s\src\hotspot\share\interpreter\linkResolver.cpp, line 773]

ZGC Phase Switch (0 events):
No events

VM Operations (20 events):
Event: 9.557 Executing safepoint VM operation: ParallelGCFailedAllocation (Allocation Failure)
Event: 9.559 Executing safepoint VM operation: ParallelGCFailedAllocation (Allocation Failure) done
Event: 9.677 Executing safepoint VM operation: ParallelGCFailedAllocation (Allocation Failure)
Event: 9.681 Executing safepoint VM operation: ParallelGCFailedAllocation (Allocation Failure) done
Event: 9.826 Executing non-safepoint VM operation: HandshakeAllThreads (Deoptimize)
Event: 9.826 Executing non-safepoint VM operation: HandshakeAllThreads (Deoptimize) done
Event: 9.843 Executing safepoint VM operation: ParallelGCFailedAllocation (Allocation Failure)
Event: 9.846 Executing safepoint VM operation: ParallelGCFailedAllocation (Allocation Failure) done
Event: 9.913 Executing safepoint VM operation: ParallelGCFailedAllocation (Allocation Failure)
Event: 9.916 Executing safepoint VM operation: ParallelGCFailedAllocation (Allocation Failure) done
Event: 9.998 Executing safepoint VM operation: ParallelGCFailedAllocation (Allocation Failure)
Event: 10.003 Executing safepoint VM operation: ParallelGCFailedAllocation (Allocation Failure) done
Event: 10.165 Executing safepoint VM operation: ParallelGCFailedAllocation (Allocation Failure)
Event: 10.169 Executing safepoint VM operation: ParallelGCFailedAllocation (Allocation Failure) done
Event: 10.366 Executing non-safepoint VM operation: HandshakeAllThreads (Deoptimize)
Event: 10.397 Executing non-safepoint VM operation: HandshakeAllThreads (Deoptimize) done
Event: 10.440 Executing safepoint VM operation: CollectForMetadataAllocation (Metadata GC Threshold)
Event: 10.498 Executing safepoint VM operation: CollectForMetadataAllocation (Metadata GC Threshold) done
Event: 11.326 Executing safepoint VM operation: ParallelGCFailedAllocation (Allocation Failure)
Event: 11.328 Executing safepoint VM operation: ParallelGCFailedAllocation (Allocation Failure) done

Memory protections (0 events):
No events

Nmethod flushes (20 events):
Event: 10.465 Thread 0x0000014c5231fa80 flushing  nmethod 0x0000014c558e1c10
Event: 10.465 Thread 0x0000014c5231fa80 flushing  nmethod 0x0000014c55902e10
Event: 10.465 Thread 0x0000014c5231fa80 flushing  nmethod 0x0000014c55903190
Event: 10.465 Thread 0x0000014c5231fa80 flushing  nmethod 0x0000014c55903610
Event: 10.465 Thread 0x0000014c5231fa80 flushing  nmethod 0x0000014c55907990
Event: 10.465 Thread 0x0000014c5231fa80 flushing  nmethod 0x0000014c5591a610
Event: 10.465 Thread 0x0000014c5231fa80 flushing  nmethod 0x0000014c5591cf10
Event: 10.465 Thread 0x0000014c5231fa80 flushing  nmethod 0x0000014c5591e310
Event: 10.465 Thread 0x0000014c5231fa80 flushing  nmethod 0x0000014c5591fa90
Event: 10.465 Thread 0x0000014c5231fa80 flushing  nmethod 0x0000014c55920590
Event: 10.465 Thread 0x0000014c5231fa80 flushing  nmethod 0x0000014c55920c10
Event: 10.465 Thread 0x0000014c5231fa80 flushing  nmethod 0x0000014c55921210
Event: 10.465 Thread 0x0000014c5231fa80 flushing  nmethod 0x0000014c55924510
Event: 10.465 Thread 0x0000014c5231fa80 flushing  nmethod 0x0000014c55924990
Event: 10.465 Thread 0x0000014c5231fa80 flushing  nmethod 0x0000014c55943610
Event: 10.465 Thread 0x0000014c5231fa80 flushing  nmethod 0x0000014c55975090
Event: 10.465 Thread 0x0000014c5231fa80 flushing  nmethod 0x0000014c55975d90
Event: 10.465 Thread 0x0000014c5231fa80 flushing  nmethod 0x0000014c55976190
Event: 10.465 Thread 0x0000014c5231fa80 flushing  nmethod 0x0000014c55976910
Event: 10.465 Thread 0x0000014c5231fa80 flushing  nmethod 0x0000014c55989890

Events (20 events):
Event: 7.089 Thread 0x0000014c6fd812a0 Thread exited: 0x0000014c6fd812a0
Event: 7.465 Thread 0x0000014c5227e5b0 Thread added: 0x0000014c6fd812a0
Event: 7.467 Thread 0x0000014c5227e5b0 Thread added: 0x0000014c6fd80580
Event: 7.467 Thread 0x0000014c5227e5b0 Thread added: 0x0000014c6fd80c10
Event: 7.467 Thread 0x0000014c5227e5b0 Thread added: 0x0000014c6fd086f0
Event: 7.467 Thread 0x0000014c5227e5b0 Thread added: 0x0000014c6fd0a7c0
Event: 7.468 Thread 0x0000014c5227e5b0 Thread added: 0x0000014c6fd0ae50
Event: 7.468 Thread 0x0000014c5227e5b0 Thread added: 0x0000014c6fd0b4e0
Event: 7.468 Thread 0x0000014c5227e5b0 Thread added: 0x0000014c6fd08d80
Event: 7.468 Thread 0x0000014c5227e5b0 Thread added: 0x0000014c6fd09aa0
Event: 7.468 Thread 0x0000014c5227e5b0 Thread added: 0x0000014c6fd08060
Event: 7.468 Thread 0x0000014c5227e5b0 Thread added: 0x0000014c6fd0bb70
Event: 7.468 Thread 0x0000014c5227e5b0 Thread added: 0x0000014c6fd0a130
Event: 7.469 Thread 0x0000014c5227e5b0 Thread added: 0x0000014c6fd0c200
Event: 7.529 Thread 0x0000014c5227e5b0 Thread added: 0x0000014c6fd0c890
Event: 7.535 Thread 0x0000014c6fafea60 Thread added: 0x0000014c6fd09410
Event: 8.016 Thread 0x0000014c5227e5b0 Thread added: 0x0000014c6fd0e960
Event: 8.017 Thread 0x0000014c5227e5b0 Thread added: 0x0000014c6fd0cf20
Event: 10.662 Thread 0x0000014c6fafea60 Thread added: 0x0000014c6fd0d5b0
Event: 10.985 Thread 0x0000014c703d6c40 Thread exited: 0x0000014c703d6c40


Dynamic libraries:
0x00007ff73e5a0000 - 0x00007ff73e5ae000 	c:\Users\acer\.antigravity-ide\extensions\redhat.java-1.56.0-win32-x64\jre\21.0.12.1-win32-x86_64\bin\java.exe
0x00007ff9f0fe0000 - 0x00007ff9f1247000 	C:\Windows\SYSTEM32\ntdll.dll
0x00007ff9ef4e0000 - 0x00007ff9ef5a9000 	C:\Windows\System32\KERNEL32.DLL
0x00007ff9ee750000 - 0x00007ff9eeb47000 	C:\Windows\System32\KERNELBASE.dll
0x00007ff9ee600000 - 0x00007ff9ee74b000 	C:\Windows\System32\ucrtbase.dll
0x00007ff9c3570000 - 0x00007ff9c3588000 	c:\Users\acer\.antigravity-ide\extensions\redhat.java-1.56.0-win32-x64\jre\21.0.12.1-win32-x86_64\bin\jli.dll
0x00007ff9ef0f0000 - 0x00007ff9ef2b6000 	C:\Windows\System32\USER32.dll
0x00007ff9eec00000 - 0x00007ff9eec27000 	C:\Windows\System32\win32u.dll
0x00007ff9ef0b0000 - 0x00007ff9ef0db000 	C:\Windows\System32\GDI32.dll
0x00007ff9eec30000 - 0x00007ff9eed5c000 	C:\Windows\System32\gdi32full.dll
0x00007ff9edaa0000 - 0x00007ff9edb43000 	C:\Windows\System32\msvcp_win.dll
0x00007ff9cd6c0000 - 0x00007ff9cd6de000 	c:\Users\acer\.antigravity-ide\extensions\redhat.java-1.56.0-win32-x64\jre\21.0.12.1-win32-x86_64\bin\VCRUNTIME140.dll
0x00007ff9cc210000 - 0x00007ff9cc4a2000 	C:\Windows\WinSxS\amd64_microsoft.windows.common-controls_6595b64144ccf1df_6.0.26100.8457_none_3e0b2faee331e92d\COMCTL32.dll
0x00007ff9f0db0000 - 0x00007ff9f0e59000 	C:\Windows\System32\msvcrt.dll
0x00007ff9eef40000 - 0x00007ff9eef72000 	C:\Windows\System32\IMM32.DLL
0x00007ff9dcc40000 - 0x00007ff9dcc4c000 	c:\Users\acer\.antigravity-ide\extensions\redhat.java-1.56.0-win32-x64\jre\21.0.12.1-win32-x86_64\bin\vcruntime140_1.dll
0x00007ff9b5260000 - 0x00007ff9b52ed000 	c:\Users\acer\.antigravity-ide\extensions\redhat.java-1.56.0-win32-x64\jre\21.0.12.1-win32-x86_64\bin\msvcp140.dll
0x00007ff93ed20000 - 0x00007ff93fac2000 	c:\Users\acer\.antigravity-ide\extensions\redhat.java-1.56.0-win32-x64\jre\21.0.12.1-win32-x86_64\bin\server\jvm.dll
0x00007ff9eee80000 - 0x00007ff9eef36000 	C:\Windows\System32\ADVAPI32.dll
0x00007ff9f0b20000 - 0x00007ff9f0bc7000 	C:\Windows\System32\sechost.dll
0x00007ff9ef730000 - 0x00007ff9ef848000 	C:\Windows\System32\RPCRT4.dll
0x00007ff9ef3a0000 - 0x00007ff9ef420000 	C:\Windows\System32\WS2_32.dll
0x00007ff9ed870000 - 0x00007ff9ed8ce000 	C:\Windows\SYSTEM32\POWRPROF.dll
0x00007ff9e3290000 - 0x00007ff9e32c6000 	C:\Windows\SYSTEM32\WINMM.dll
0x00007ff9db1d0000 - 0x00007ff9db1db000 	C:\Windows\SYSTEM32\VERSION.dll
0x00007ff9ed850000 - 0x00007ff9ed864000 	C:\Windows\SYSTEM32\UMPDC.dll
0x00007ff9ec7a0000 - 0x00007ff9ec7bb000 	C:\Windows\SYSTEM32\kernel.appcore.dll
0x00007ff9dc9c0000 - 0x00007ff9dc9ca000 	c:\Users\acer\.antigravity-ide\extensions\redhat.java-1.56.0-win32-x64\jre\21.0.12.1-win32-x86_64\bin\jimage.dll
0x00007ff9eb6c0000 - 0x00007ff9eb902000 	C:\Windows\SYSTEM32\DBGHELP.DLL
0x00007ff9efea0000 - 0x00007ff9f0223000 	C:\Windows\System32\combase.dll
0x00007ff9ef2c0000 - 0x00007ff9ef399000 	C:\Windows\System32\OLEAUT32.dll
0x00007ff9caaf0000 - 0x00007ff9cab2b000 	C:\Windows\SYSTEM32\dbgcore.DLL
0x00007ff9eeb50000 - 0x00007ff9eebf8000 	C:\Windows\System32\bcryptPrimitives.dll
0x00007ff9daaf0000 - 0x00007ff9daaff000 	c:\Users\acer\.antigravity-ide\extensions\redhat.java-1.56.0-win32-x64\jre\21.0.12.1-win32-x86_64\bin\instrument.dll
0x00007ff9c35f0000 - 0x00007ff9c3610000 	c:\Users\acer\.antigravity-ide\extensions\redhat.java-1.56.0-win32-x64\jre\21.0.12.1-win32-x86_64\bin\java.dll
0x00007ff9f03a0000 - 0x00007ff9f0b0e000 	C:\Windows\System32\SHELL32.dll
0x00007ff9edd90000 - 0x00007ff9ee5fc000 	C:\Windows\System32\windows.storage.dll
0x00007ff9ef630000 - 0x00007ff9ef726000 	C:\Windows\System32\SHCORE.dll
0x00007ff9eed80000 - 0x00007ff9eede6000 	C:\Windows\System32\shlwapi.dll
0x00007ff9ed930000 - 0x00007ff9ed959000 	C:\Windows\SYSTEM32\profapi.dll
0x00007ff9c35d0000 - 0x00007ff9c35e8000 	c:\Users\acer\.antigravity-ide\extensions\redhat.java-1.56.0-win32-x64\jre\21.0.12.1-win32-x86_64\bin\zip.dll
0x00007ff9da3c0000 - 0x00007ff9da3d0000 	C:\Users\acer\.antigravity-ide\extensions\redhat.java-1.56.0-win32-x64\jre\21.0.12.1-win32-x86_64\bin\net.dll
0x00007ff9e4960000 - 0x00007ff9e4a89000 	C:\Windows\SYSTEM32\WINHTTP.dll
0x00007ff9ecd10000 - 0x00007ff9ecd7c000 	C:\Windows\system32\mswsock.dll
0x00007ff9c1da0000 - 0x00007ff9c1db6000 	C:\Users\acer\.antigravity-ide\extensions\redhat.java-1.56.0-win32-x64\jre\21.0.12.1-win32-x86_64\bin\nio.dll
0x00007ff9da390000 - 0x00007ff9da3a0000 	c:\Users\acer\.antigravity-ide\extensions\redhat.java-1.56.0-win32-x64\jre\21.0.12.1-win32-x86_64\bin\verify.dll
0x00007ff9b0670000 - 0x00007ff9b06b5000 	C:\Users\acer\AppData\Roaming\Antigravity IDE\User\globalStorage\redhat.java\1.56.0\config_ss_win\org.eclipse.equinox.launcher\org.eclipse.equinox.launcher.win32.win32.x86_64_1.3.100.v20260804-1928\eclipse_11924.dll
0x00007ff9ef850000 - 0x00007ff9ef9e7000 	C:\Windows\System32\ole32.dll
0x00007ff9ecff0000 - 0x00007ff9ed00b000 	C:\Windows\SYSTEM32\CRYPTSP.dll
0x00007ff9ec700000 - 0x00007ff9ec739000 	C:\Windows\system32\rsaenh.dll
0x00007ff9ecdc0000 - 0x00007ff9ecdf3000 	C:\Windows\SYSTEM32\USERENV.dll
0x00007ff9ed900000 - 0x00007ff9ed92a000 	C:\Windows\SYSTEM32\bcrypt.dll
0x00007ff9ed010000 - 0x00007ff9ed01c000 	C:\Windows\SYSTEM32\CRYPTBASE.dll
0x00007ff9ec170000 - 0x00007ff9ec1a2000 	C:\Windows\SYSTEM32\IPHLPAPI.DLL
0x00007ff9f0390000 - 0x00007ff9f039a000 	C:\Windows\System32\NSI.dll
0x00007ff9ad8c0000 - 0x00007ff9ad909000 	C:\Users\acer\AppData\Local\Temp\jna-2988111\jna4156425149941032608.dll
0x00007ff9eed70000 - 0x00007ff9eed78000 	C:\Windows\System32\PSAPI.DLL
0x00007ff9e4420000 - 0x00007ff9e443d000 	C:\Windows\SYSTEM32\dhcpcsvc6.DLL
0x00007ff9e43f0000 - 0x00007ff9e4415000 	C:\Windows\SYSTEM32\dhcpcsvc.DLL

JVMTI agents:
c:\Users\acer\.antigravity-ide\extensions\redhat.java-1.56.0-win32-x64\lombok\lombok-1.18.39-4050.jar path:c:\Users\acer\.antigravity-ide\extensions\redhat.java-1.56.0-win32-x64\jre\21.0.12.1-win32-x86_64\bin\instrument.dll, loaded, initialized, instrumentlib options:none

dbghelp: loaded successfully - version: 4.0.5 - missing functions: none
symbol engine: initialized successfully - sym options: 0x614 - pdb path: .;c:\Users\acer\.antigravity-ide\extensions\redhat.java-1.56.0-win32-x64\jre\21.0.12.1-win32-x86_64\bin;C:\Windows\SYSTEM32;C:\Windows\WinSxS\amd64_microsoft.windows.common-controls_6595b64144ccf1df_6.0.26100.8457_none_3e0b2faee331e92d;c:\Users\acer\.antigravity-ide\extensions\redhat.java-1.56.0-win32-x64\jre\21.0.12.1-win32-x86_64\bin\server;C:\Users\acer\AppData\Roaming\Antigravity IDE\User\globalStorage\redhat.java\1.56.0\config_ss_win\org.eclipse.equinox.launcher\org.eclipse.equinox.launcher.win32.win32.x86_64_1.3.100.v20260804-1928;C:\Users\acer\AppData\Local\Temp\jna-2988111

VM Arguments:
jvm_args: --add-modules=ALL-SYSTEM --add-opens=java.base/java.util=ALL-UNNAMED --add-opens=java.base/java.lang=ALL-UNNAMED --add-opens=java.base/sun.nio.fs=ALL-UNNAMED -Declipse.application=org.eclipse.jdt.ls.core.id1 -Dosgi.bundles.defaultStartLevel=4 -Declipse.product=org.eclipse.jdt.ls.core.product -Djava.import.generatesMetadataFilesAtProjectRoot=false -Dm2e.project.cache.size=50 -DDetectVMInstallationsJob.disabled=true -Dfile.encoding=utf8 -XX:+UseParallelGC -XX:GCTimeRatio=4 -XX:AdaptiveSizePolicyWeight=90 -Dsun.zip.disableMemoryMapping=true -Xmx2G -Xms100m -Xlog:disable -javaagent:c:\Users\acer\.antigravity-ide\extensions\redhat.java-1.56.0-win32-x64\lombok\lombok-1.18.39-4050.jar 
java_command: c:\Users\acer\.antigravity-ide\extensions\redhat.java-1.56.0-win32-x64\server\plugins\org.eclipse.equinox.launcher_1.8.0.v20260804-1928.jar -configuration c:\Users\acer\AppData\Roaming\Antigravity IDE\User\globalStorage\redhat.java\1.56.0\config_ss_win -data c:\Users\acer\AppData\Roaming\Antigravity IDE\User\workspaceStorage\9a94d851dcf510029cb370ddb099ae8b\redhat.java\ss_ws --pipe=\\.\pipe\lsp-4195d5ea811dfce7f94aaac980465310-sock
java_class_path (initial): c:\Users\acer\.antigravity-ide\extensions\redhat.java-1.56.0-win32-x64\server\plugins\org.eclipse.equinox.launcher_1.8.0.v20260804-1928.jar
Launcher Type: SUN_STANDARD

[Global flags]
    uintx AdaptiveSizePolicyWeight                 = 90                                        {product} {command line}
     intx CICompilerCount                          = 4                                         {product} {ergonomic}
    uintx GCTimeRatio                              = 4                                         {product} {command line}
   size_t InitialHeapSize                          = 104857600                                 {product} {command line}
   size_t MaxHeapSize                              = 2147483648                                {product} {command line}
   size_t MaxNewSize                               = 715653120                                 {product} {ergonomic}
   size_t MinHeapDeltaBytes                        = 524288                                    {product} {ergonomic}
   size_t MinHeapSize                              = 104857600                                 {product} {command line}
   size_t NewSize                                  = 34603008                                  {product} {ergonomic}
    uintx NonNMethodCodeHeapSize                   = 5839372                                {pd product} {ergonomic}
    uintx NonProfiledCodeHeapSize                  = 122909434                              {pd product} {ergonomic}
   size_t OldSize                                  = 70254592                                  {product} {ergonomic}
    uintx ProfiledCodeHeapSize                     = 122909434                              {pd product} {ergonomic}
    uintx ReservedCodeCacheSize                    = 251658240                              {pd product} {ergonomic}
     bool SegmentedCodeCache                       = true                                      {product} {ergonomic}
   size_t SoftMaxHeapSize                          = 2147483648                             {manageable} {ergonomic}
     bool UseCompressedOops                        = true                           {product lp64_product} {ergonomic}
     bool UseLargePagesIndividualAllocation        = false                                  {pd product} {ergonomic}
     bool UseParallelGC                            = true                                      {product} {command line}

Logging:
Log output configuration:
 #0: stdout all=off uptime,level,tags foldmultilines=false
 #1: stderr all=off uptime,level,tags foldmultilines=false

Release file:
JAVA_VERSION="21.0.12.1" 
MODULES="java.base java.compiler java.datatransfer java.xml java.prefs java.desktop java.instrument java.logging java.management java.security.sasl java.naming java.rmi java.management.rmi java.net.http java.scripting java.security.jgss java.transaction.xa java.sql java.sql.rowset java.xml.crypto java.se java.smartcardio jdk.accessibility jdk.internal.jvmstat jdk.attach jdk.charsets jdk.internal.opt jdk.zipfs jdk.compiler jdk.crypto.ec jdk.crypto.cryptoki jdk.crypto.mscapi jdk.dynalink jdk.internal.ed jdk.editpad jdk.hotspot.agent jdk.httpserver jdk.internal.le jdk.internal.vm.ci jdk.internal.vm.compiler jdk.internal.vm.compiler.management jdk.jartool jdk.javadoc jdk.jcmd jdk.management jdk.management.agent jdk.jconsole jdk.jdeps jdk.jdwp.agent jdk.jdi jdk.jfr jdk.jshell jdk.jsobject jdk.jstatd jdk.localedata jdk.management.jfr jdk.naming.dns jdk.naming.rmi jdk.net jdk.nio.mapmode jdk.random jdk.sctp jdk.security.auth jdk.security.jgss jdk.unsupported jdk.unsupported.desktop jdk.xml.dom" 

Environment Variables:
JAVA_HOME=C:\Program Files\Java\jdk-21.0.11
PATH=C:\Program Files\Common Files\Oracle\Java\javapath;C:\Windows\system32;C:\Windows;C:\Windows\System32\Wbem;C:\Windows\System32\WindowsPowerShell\v1.0\;C:\Windows\System32\OpenSSH\;C:\Program Files\dotnet\;C:\Program Files (x86)\NVIDIA Corporation\PhysX\Common;C:\Program Files\Git\cmd;C:\Program Files\Git\mingw64\bin;C:\Program Files\Git\usr\bin;C:\Users\acer\Downloads\maven-mvnd-1.0.3-windows-amd64.tar.gz;C:\Program Files\Java\jdk-25\bin;C:\Program Files\apache-maven-3.9.11\bin;C:\Program Files\apache-maven-3.9.11\bin;C:\Program Files\nodejs\;C:\Users\acer\Downloads\opencv\build\java\x64;C:\Program Files\Java\jdk-25\bin;;C:\ProgramData\chocolatey\bin;C:\Program Files\Redis\;C:\Program Files\Docker\Docker\resources\bin;C:\Program Files\MySQL\MySQL Shell 8.0\bin\;C:\Users\acer\AppData\Local\Microsoft\WindowsApps;C:\Users\acer\AppData\Local\Programs\Microsoft VS Code\bin;C:\Users\acer\Downloads\maven-mvnd-1.0.3-windows-amd64.tar.gz;C:\Program Files\JetBrains\IntelliJ IDEA Community Edition 2025.2.5\bin;C:\Program Files\apache-maven-3.9.11\bin;C:\Users\acer\AppData\Roaming\npm;C:\Users\acer\AppData\Local\Programs\mongosh\;C:\Users\acer\Downloads\opencv\build\java\x64;C:\Program Files\Java\jdk-17\bin;C:\Users\acer\AppData\Local\Programs\Antigravity\bin;C:\Users\acer\AppData\Local\Programs\cursor\resources\app\bin;C:\Users\acer\AppData\Local\Programs\Windsurf\bin;C:\Users\acer\AppData\Local\Programs\Antigravity IDE\bin;C:\Users\acer\AppData\Local\Programs\Devin\bin;C:\Users\acer\AppData\Local\GitHubDesktop\bin;C:\ProgramData\acer\GitHubDesktop\bin;C:\Users\acer\AppData\Local\Microsoft\WinGet\Packages\Ngrok.Ngrok_Microsoft.Winget.Source_8wekyb3d8bbwe;
USERNAME=acer
OS=Windows_NT
PROCESSOR_IDENTIFIER=Intel64 Family 6 Model 186 Stepping 2, GenuineIntel
TMP=C:\Users\acer\AppData\Local\Temp
TEMP=C:\Users\acer\AppData\Local\Temp




Periodic native trim disabled

---------------  S Y S T E M  ---------------

OS:
 Windows 11 , 64 bit Build 26100 (10.0.26100.8328)
OS uptime: 0 days 15:18 hours
Hyper-V role detected

CPU: total 12 (initial active 12) (6 cores per cpu, 2 threads per core) family 6 model 186 stepping 2 microcode 0x4114, cx8, cmov, fxsr, ht, mmx, 3dnowpref, sse, sse2, sse3, ssse3, sse4.1, sse4.2, popcnt, lzcnt, tsc, tscinvbit, avx, avx2, aes, erms, clmul, bmi1, bmi2, adx, sha, fma, vzeroupper, clflush, clflushopt, clwb, hv, serialize, rdtscp, rdpid, fsrm, f16c, cet_ibt, cet_ss
Processor Information for processor 0
  Max Mhz: 2100, Current Mhz: 2100, Mhz Limit: 2100
Processor Information for processor 1
  Max Mhz: 2100, Current Mhz: 2100, Mhz Limit: 2100
Processor Information for processor 2
  Max Mhz: 2100, Current Mhz: 2100, Mhz Limit: 2100
Processor Information for processor 3
  Max Mhz: 2100, Current Mhz: 2100, Mhz Limit: 2100
Processor Information for processor 4
  Max Mhz: 2100, Current Mhz: 2100, Mhz Limit: 2100
Processor Information for processor 5
  Max Mhz: 2100, Current Mhz: 2100, Mhz Limit: 2100
Processor Information for processor 6
  Max Mhz: 2100, Current Mhz: 2100, Mhz Limit: 2100
Processor Information for processor 7
  Max Mhz: 2100, Current Mhz: 2100, Mhz Limit: 2100
Processor Information for processor 8
  Max Mhz: 2100, Current Mhz: 1500, Mhz Limit: 1491
Processor Information for processor 9
  Max Mhz: 2100, Current Mhz: 1500, Mhz Limit: 1491
Processor Information for processor 10
  Max Mhz: 2100, Current Mhz: 1500, Mhz Limit: 1491
Processor Information for processor 11
  Max Mhz: 2100, Current Mhz: 1500, Mhz Limit: 1491

Memory: 4k page, system-wide physical 16071M (632M free)
TotalPageFile size 26246M (AvailPageFile size 5M)
current process WorkingSet (physical memory assigned to process): 194M, peak: 206M
current process commit charge ("private bytes"): 301M, peak: 319M

vm_info: OpenJDK 64-Bit Server VM (21.0.12.1+1-LTS) for windows-amd64 JRE (21.0.12.1+1-LTS), built on 2026-08-18T00:00:00Z by "admin" with MS VC++ 17.12 (VS2022)

END.
